// Jest Snapshot v1, https://goo.gl/fbAQLP

exports[`Basic render test 1`] = `
<footer
  className="footer"
>
  <div
    className="container"
  >
    <small>
      Made with â™¥ by Axiom Zen
    </small>
  </div>
</footer>
`;
